// Jest Snapshot v1, https://goo.gl/fbAQLP

exports[`<AddStringPage /> should render and match the snapshot 1`] = `
<div>
  <h1
    class="H1-tncdg6-0 hpAKSC"
  >
    <span>
      Add a string
    </span>
  </h1>
  <form
    class="Form-oznt7c-0 kzXhZz"
  >
    <label
      for="username"
    >
      <span>
        Submit a word, phrase, or text blurb.
      </span>
      <input
        class="Input-sc-1pkdwb8-0 ljGaqD"
        id="string"
        placeholder="Enter text here"
        type="text"
        value=""
      />
    </label>
  </form>
</div>
`;
